// Jest Snapshot v1, https://goo.gl/fbAQLP

exports[`renders correctly 1`] = `
<header
  className="app-header"
>
  <h5
    className="heading"
  >
    Dishwasher
  </h5>
</header>
`;
