// Jest Snapshot v1, https://goo.gl/fbAQLP

exports[`renders correctly 1`] = `
<div
  className="product-list"
>
  <div
    className="row justify-content-end"
  />
</div>
`;
