// Jest Snapshot v1, https://goo.gl/fbAQLP

exports[`renders correctly 1`] = `
<div
  className="sc-gsTEea kLlMnd"
>
  <div
    className="container"
  >
    <div
      className="row"
    >
      <div
        className="col"
      >
        <div
          className="product-list"
        >
          <div
            className="row justify-content-end"
          />
        </div>
      </div>
    </div>
  </div>
</div>
`;
